// Jest Snapshot v1, https://goo.gl/fbAQLP

exports[`footer renders without crashing 1`] = `
<div
  className="footer"
>
  <ul
    className="social-section"
  >
    <li
      className="social github"
    >
      <a
        href="https://github.com/BanJoeH/"
      >
        <img
          alt="gitHub link"
          height="30"
          src="github.png"
          width="30"
        />
      </a>
    </li>
    <li
      className="nav-link"
    >
      <a
        className="social"
        href="https://joescript.io"
      >
        Made by Joe
      </a>
    </li>
    <li
      className="social"
    >
      <a
        href="https://www.linkedin.com/in/joescript/"
      >
        <img
          alt="LinkedIn link"
          height="30"
          src="linkedin.png"
          width="30"
        />
      </a>
    </li>
  </ul>
</div>
`;
